[PID 4159] UID=1000 syscall=setresuid(0, 4294967295, 4294967295)
[PID 4159] UID=0 syscall=setresgid(4294967295, 0, 4294967295)
[PID 4159] UID=0 syscall=setresuid(4294967295, 1, 4294967295)
[PID 4159] UID=0 syscall=setresuid(4294967295, 0, 4294967295)
[PID 4159] UID=0 syscall=setresgid(4294967295, 4294967295, 4294967295)
[PID 4159] UID=0 syscall=setresuid(4294967295, 0, 4294967295)
[PID 4159] UID=0 syscall=setresuid(4294967295, 1, 4294967295)
[PID 4159] UID=0 syscall=setresuid(4294967295, 0, 4294967295)
[PID 4159] UID=0 syscall=setresgid(4294967295, 4294967295, 4294967295)
[PID 4159] UID=0 syscall=setresuid(4294967295, 0, 4294967295)
[PID 4159] UID=0 syscall=setresgid(4294967295, 1000, 4294967295)
[PID 4159] UID=0 syscall=setresuid(1000, 4294967295, 4294967295)
[PID 4159] UID=1000 syscall=setresgid(4294967295, 0, 4294967295)
[PID 4159] UID=1000 syscall=setresgid(4294967295, 1000, 4294967295)
[PID 4159] UID=1000 syscall=setresuid(4294967295, 4294967295, 4294967295)
[PID 4159] UID=1000 syscall=setresgid(4294967295, 0, 4294967295)
[PID 4159] UID=1000 syscall=setresgid(4294967295, 1000, 4294967295)
[PID 4159] UID=1000 syscall=setresuid(4294967295, 4294967295, 4294967295)
[PID 4159] UID=1000 syscall=setresuid(4294967295, 1000, 4294967295)
[PID 4159] UID=1000 syscall=setresuid(4294967295, 0, 4294967295)
[PID 4159] UID=1000 syscall=setresgid(4294967295, 4294967295, 4294967295)
[PID 4159] UID=1000 syscall=setresuid(4294967295, 0, 4294967295)
[PID 4159] UID=1000 syscall=setgid(0, 0, 0)
[PID 4159] UID=1000 syscall=capset(94176766111356, 94176766111364, 94176766111364)
[PID 4161] UID=1000 syscall=setresuid(0, 0, 0)
[PID 4179] UID=1000 syscall=setresuid(0, 4294967295, 4294967295)
[PID 4179] UID=0 syscall=setresgid(4294967295, 0, 4294967295)
[PID 4179] UID=0 syscall=setresuid(4294967295, 1, 4294967295)
[PID 4179] UID=0 syscall=setresuid(4294967295, 0, 4294967295)
[PID 4179] UID=0 syscall=setresgid(4294967295, 4294967295, 4294967295)
[PID 4179] UID=0 syscall=setresuid(4294967295, 0, 4294967295)
[PID 4179] UID=0 syscall=setresuid(4294967295, 1, 4294967295)
[PID 4179] UID=0 syscall=setresuid(4294967295, 0, 4294967295)
[PID 4179] UID=0 syscall=setresgid(4294967295, 4294967295, 4294967295)
[PID 4179] UID=0 syscall=setresuid(4294967295, 0, 4294967295)
[PID 4179] UID=0 syscall=setresgid(4294967295, 1000, 4294967295)
[PID 4179] UID=0 syscall=setresuid(1000, 4294967295, 4294967295)
[PID 4179] UID=1000 syscall=setresgid(4294967295, 0, 4294967295)
[PID 4179] UID=1000 syscall=setresgid(4294967295, 1000, 4294967295)
[PID 4179] UID=1000 syscall=setresuid(4294967295, 4294967295, 4294967295)
[PID 4179] UID=1000 syscall=setresuid(4294967295, 1000, 4294967295)
[PID 4179] UID=1000 syscall=setresuid(4294967295, 0, 4294967295)
[PID 4179] UID=1000 syscall=setresgid(4294967295, 4294967295, 4294967295)
[PID 4179] UID=1000 syscall=setresuid(4294967295, 0, 4294967295)
[PID 4179] UID=1000 syscall=setresgid(4294967295, 0, 4294967295)
[PID 4179] UID=1000 syscall=setresgid(4294967295, 1000, 4294967295)
[PID 4179] UID=1000 syscall=setresuid(4294967295, 4294967295, 4294967295)
[PID 4179] UID=1000 syscall=setreuid(0, 0, 140731708186768)
[PID 4179] UID=0 syscall=setregid(0, 0, 0)
